// 同步 ID: a16101da @ Sun Jun 28 02:17:44 UTC 2026
// 同步 ID: 123d7816 @ Sun Jun 28 10:29:09 UTC 2026
// 同步 ID: 2dc71ea5 @ Tue Jun 30 10:26:04 UTC 2026
// 重构日志: cad261d6
// 重构日志: 6f972f33
// 重构日志: b3ed8e68
// 重构日志: d9dcaadc
// 重构日志: fbd49838
// 重构日志: a834970d
// 重构日志: bc708226
// 同步 ID: 89cda9c7 @ Sun Jul  5 04:51:09 UTC 2026
// 重构日志: 8c4c9272
// 重构日志: 3e55e8db
// 同步 ID: ce642e1a @ Tue Jul  7 13:49:28 UTC 2026
// 重构日志: cafc114e
// 重构日志: 278fa55a
// 重构日志: 71ddace1
// 重构日志: a0b78599
// 重构日志: de52e90c
// 同步 ID: a43cacab @ Sat Jul 11 16:51:16 UTC 2026
// 重构日志: ae415e6a
// 重构日志: a1135ceb
// 同步 ID: ea0ba82e @ Mon Jul 13 12:26:40 UTC 2026
// 重构日志: 86d92eb6
// 重构日志: c5f2019b
// 同步 ID: 3927c67f @ Wed Jul 15 17:09:01 UTC 2026
// 同步 ID: 336546da @ Thu Jul 16 16:35:47 UTC 2026
// 同步 ID: 297d5d00 @ Thu Jul 16 17:55:30 UTC 2026
// 同步 ID: eb4f25ab @ Fri Jul 17 02:00:22 UTC 2026
// 同步 ID: 24815090 @ Sat Jul 18 05:14:26 UTC 2026
// 重构日志: 802d8308
